[hintergrund]
hintergrund = 	.........
				.........
				111111...
				<<<<<<<<<
				>++>>>>>>
				1|^111...
				1|^1.....
				1|^1.....
				1|^1.....

[vordergrund]
vordergrund = 	bbbbbb...
				bbaaab...
				.........
				.........
				.........
				.....b...
				.....b...
				.....b...
				....cb...

[.]
Bezeichnung = Gras
Pfad = Bilder/Hintergrund/Gras.png
Ebene = Hintergrund

[<]
Bezeichnung = Straße-Gerade-Horizontal-Oben
Pfad = Bilder/Hintergrund/Straße-Horizontal-Oben.png
Ebene = Hintergrund

[>]
Bezeichnung = Straße-Gerade-Horizontal-Unten
Pfad = Bilder/Hintergrund/Straße-Horizontal-Unten.png
Ebene = Hintergrund

[|]
Bezeichnung = Straße-Gerade-Vertikal-Oben
Pfad = Bilder/Hintergrund/Straße-Vertikal-Oben.png
Ebene = Hintergrund

[^]
Bezeichnung = Straße-Gerade-Vertikal-Unten
Pfad = Bilder/Hintergrund/Straße-Vertikal-Unten.png
Ebene = Hintergrund

[+]
Bezeichnung = Straße-Kreuzung
Pfad = Bilder/Hintergrund/Straße-Kreuzung.png
Ebene = Hintergrund

[1]
Bezeichnung = Gehweg
Pfad = Bilder/Hintergrund/Gehweg.png
Ebene = Hintergrund

[a]
Bezeichnung = Gebäude
Pfad = Bilder/Vordergrund/Gebäude.png
Ebene = Vordergrund

[b]
Bezeichnung = Baum
Pfad = Bilder/Vordergrund/Baum.png
Ebene = Vordergrund

[c]
Bezeichnung = S-Bahnstation
Pfad = Bilder/Vordergrund/S-Bahnstation.png
Ebene = Vordergrund

