[hintergrund]
hintergrund = .........
		.........
		111111...
		<<<<<<<<<
		>++>>>>>>
		1|^111...
		1|^1.....
		1|^1.....
		1|^1.....

[vordergrund]
vordergrund = bbbbbb...
		bbaaab...
		.........
		.........
		.........
		.....b...
		.....b...
		.....b...
		....cb...

[.]
Bezeichnung = Gras
Pfad = graphics/Hintergrund/Gras.png
Ebene = Hintergrund

[<]
Bezeichnung = Straße-Gerade-Horizontal-Oben
Pfad = graphics/Hintergrund/Straße-Horizontal-Oben.png
Ebene = Hintergrund

[>]
Bezeichnung = Straße-Gerade-Horizontal-Unten
Pfad = graphics/Hintergrund/Straße-Horizontal-Unten.png
Ebene = Hintergrund

[|]
Bezeichnung = Straße-Gerade-Vertikal-Oben
Pfad = graphics/Hintergrund/Straße-Vertikal-Oben.png
Ebene = Hintergrund

[^]
Bezeichnung = Straße-Gerade-Vertikal-Unten
Pfad = graphics/Hintergrund/Straße-Vertikal-Unten.png
Ebene = Hintergrund

[+]
Bezeichnung = Straße-Kreuzung
Pfad = graphics/Hintergrund/Straße-Kreuzung.png
Ebene = Hintergrund

[1]
Bezeichnung = Gehweg
Pfad = graphics/Hintergrund/Gehweg.png
Ebene = Hintergrund

[a]
Bezeichnung = Gebäude
Pfad = graphics/Vordergrund/Gebäude.png
Ebene = Vordergrund

[b]
Bezeichnung = Baum
Pfad = graphics/Vordergrund/Baum.png
Ebene = Vordergrund

[c]
Bezeichnung = S-Bahnstation
Pfad = graphics/Vordergrund/S-Bahnstation.png
Ebene = Vordergrund

