[background]
background = .........
		.........
		111111...
		<<<<<<<<<
		>++>>>>>>
		1|^111...
		1|^1.....
		1|^1.....
		1|^1.....

[foreground]
foreground = bbbbbb...
		bbaaab...
		.........
		.........
		.........
		.....b...
		.....b...
		.....b...
		....cb...

[.]
Bezeichnung = Gras
Pfad = graphics/background/grass/Gras.png
Ebene = background

[<]
Bezeichnung = Straße-Gerade-Horizontal-Oben
Pfad = graphics/background/streets/Straße-Horizontal-Oben.png
Ebene = background

[>]
Bezeichnung = Straße-Gerade-Horizontal-Unten
Pfad = graphics/background/streets/Straße-Horizontal-Unten.png
Ebene = background

[|]
Bezeichnung = Straße-Gerade-Vertikal-Oben
Pfad = graphics/background/streets/Straße-Vertikal-Oben.png
Ebene = background

[^]
Bezeichnung = Straße-Gerade-Vertikal-Unten
Pfad = graphics/background/streets/Straße-Vertikal-Unten.png
Ebene = background

[+]
Bezeichnung = Straße-Kreuzung
Pfad = graphics/background/streets/Straße-Kreuzung.png
Ebene = background

[1]
Bezeichnung = Gehweg
Pfad = graphics/background/sidewalks/Gehweg.png
Ebene = background

[a]
Bezeichnung = Gebäude
Pfad = graphics/foreground/buildings/Gebäude.png
Ebene = foreground

[b]
Bezeichnung = Baum
Pfad = graphics/foreground/trees/Baum.png
Ebene = foreground

[c]
Bezeichnung = S-Bahnstation
Pfad = graphics/foreground/trainstations/S-Bahnstation.png
Ebene = foreground

